// Jest Snapshot v1, https://goo.gl/fbAQLP

exports[`Current render without error 1`] = `
<DocumentFragment>
  <span>
    Some working code here
  </span>
</DocumentFragment>
`;
