// Jest Snapshot v1, https://goo.gl/fbAQLP

exports[`Current render 1`] = `
<DocumentFragment>
  <button
    class="tabs-list__item tabs-list__item--active"
    type="button"
  >
    All
  </button>
</DocumentFragment>
`;
