// Jest Snapshot v1, https://goo.gl/fbAQLP

exports[`Current render 1`] = `
<body>
  <div>
    <div
      class="film-card"
    >
      <div
        class="film-card__menu null"
      >
        <button
          aria-label="Film menu"
          class="film-card__menu-toggle"
          type="button"
        />
        <div
          class="film-card__actions"
        >
          <button
            aria-label="Close"
            class="film-card__actions-toggle"
            type="button"
          />
        </div>
      </div>
      <div
        class="film-card__in"
      >
        <img
          alt="La La Land"
          class="film-card__thumbnail"
          src="https://image.tmdb.org/t/p/w500/ylXCdC106IKiarftHkcacasaAcb.jpg"
        />
        <div
          class="film-card__header"
        >
          <p
            class="film-card__title"
          >
            La La Land
          </p>
          <p
            class="film-card__timestamp"
          >
            2016
          </p>
        </div>
        <p
          class="film-card__meta"
        >
          Comedy, Drama, Romance
        </p>
      </div>
    </div>
  </div>
</body>
`;
